PS C:\Users\Aluno\Desktop\Nova pasta (2)> git init 
Initialized empty Git repository in C:/Users/Aluno/Desktop/Nova pasta (2)/.git/
PS C:\Users\Aluno\Desktop\Nova pasta (2)> git status
On branch master

No commits yet

Untracked files:
  (use "git add <file>..." to include in what will be committed)
        teste.html

nothing added to commit but untracked files present (use "git add" to track)
PS C:\Users\Aluno\Desktop\Nova pasta (2)> git commit -m -a
Author identity unknown

*** Please tell me who you are.

Run

  git config --global user.email "you@example.com"
  git config --global user.name "Your Name"

to set your account's default identity.
Omit --global to set the identity only in this repository.

fatal: unable to auto-detect email address (got 'Aluno@LAB-DECOMP4-01.(none)')
PS C:\Users\Aluno\Desktop\Nova pasta (2)> git add .
PS C:\Users\Aluno\Desktop\Nova pasta (2)> git status
On branch master

No commits yet

Changes to be committed:
  (use "git rm --cached <file>..." to unstage)
        new file:   teste.html

PS C:\Users\Aluno\Desktop\Nova pasta (2)> git commit6 -m -a ""
git: 'commit6' is not a git command. See 'git --help'.

The most similar command is
        commit
PS C:\Users\Aluno\Desktop\Nova pasta (2)> git remote add origin
usage: git remote add [<options>] <name> <url>

    -f, --[no-]fetch      fetch the remote branches
    --[no-]tags           import all tags and associated objects when fetching
                          or do not fetch any tag at all (--no-tags)
    -t, --[no-]track <branch>
                          branch(es) to track
    -m, --[no-]master <branch>
                          master branch
    --[no-]mirror[=(push|fetch)]
                          set up remote as a mirror to push to or fetch from

PS C:\Users\Aluno\Desktop\Nova pasta (2)> git remote add origin https://github.com/emmavaurek/Nescau-1.git^C
PS C:\Users\Aluno\Desktop\Nova pasta (2)> ^C
PS C:\Users\Aluno\Desktop\Nova pasta (2)> ^C
PS C:\Users\Aluno\Desktop\Nova pasta (2)> ^C
PS C:\Users\Aluno\Desktop\Nova pasta (2)> ^C
PS C:\Users\Aluno\Desktop\Nova pasta (2)> git branch -M main
PS C:\Users\Aluno\Desktop\Nova pasta (2)> 
